V3 5
FL //cs1/cs_classdata/373_Digital_Logic_Design/simple_vga_driver_V2/vga1/vga_test/vga_gen.vhd 2013/12/03.20:52:58 P.20131013
FL C:/Users/dhansen17/Desktop/Final_Project/vga1/vga_test/vga_gen.vhd 2016/12/13.10:02:52 P.20131013
EN work/vgatest 1481652175 \
      FL C:/Users/dhansen17/Desktop/Final_Project/vga1/vga_test/vga_gen.vhd \
      PB ieee/std_logic_1164 1370735607 PB ieee/std_logic_arith 1370735608 \
      PB ieee/STD_LOGIC_UNSIGNED 1370735609 PB ieee/NUMERIC_STD 1381692181
AR work/vgatest/behavioral 1481652176 \
      FL C:/Users/dhansen17/Desktop/Final_Project/vga1/vga_test/vga_gen.vhd \
      EN work/vgatest 1481652175
FL C:/Users/dhansen17/Desktop/simple_vga_driver_V2/vga1/vga_test/vga_gen.vhd 2016/12/12.09:58:27 P.20131013
